AR d_rtl behavioral /home/ise/PCC-CS492/D/d_rtl.vhd sub00/vhpl01 1682267735
AR piso_rtl behavioral /home/ise/PCC-CS492/PISO/piso_rtl.vhd sub00/vhpl03 1682267737
EN d_rtl NULL /home/ise/PCC-CS492/D/d_rtl.vhd sub00/vhpl00 1682267734
EN piso_rtl NULL /home/ise/PCC-CS492/PISO/piso_rtl.vhd sub00/vhpl02 1682267736
