EN xor_rtl NULL /home/ise/PCC-CS492/XOR/xor_rtl.vhd sub00/vhpl00 1681920385
EN full_subtractor_rtl NULL /home/ise/13000221080/FULL_SUBTRACTOR/full_subtractor_rtl.vhd sub00/vhpl02 1681920387
AR full_subtractor_rtl behavioral /home/ise/13000221080/FULL_SUBTRACTOR/full_subtractor_rtl.vhd sub00/vhpl03 1681920388
AR xor_rtl behavioral /home/ise/PCC-CS492/XOR/xor_rtl.vhd sub00/vhpl01 1681920386
