V3 3
FL /home/ise/PCC-CS492/UP_DOWN_COUNTER/up_down_counter_rtl.vhd 2023/04/20.11:20:02 P.20131013
EN work/up_down_counter_rtl 1681989623 \
      FL /home/ise/PCC-CS492/UP_DOWN_COUNTER/up_down_counter_rtl.vhd \
      PB ieee/std_logic_1164 1381692176 PB ieee/STD_LOGIC_UNSIGNED 1381692179 \
      PB ieee/std_logic_arith 1381692177
AR work/up_down_counter_rtl/Behavioral 1681989624 \
      FL /home/ise/PCC-CS492/UP_DOWN_COUNTER/up_down_counter_rtl.vhd \
      EN work/up_down_counter_rtl 1681989623
